.---O---.                                           |       |                  .-.           o o        |   |   |-----.-----.-----.| |   .----..-----.-----.|       |     | __  |  ---'| '--.|  .-'|     |     ||   |   |  |  |     |---  ||  --'|  |  |  '  | | | |'---'---'--'--'--.  |-----''----''--'  '-----'-'-'-'                -'  |                '---'The Angstrom Distribution beaglebone ttyO0Angstrom v2012.12 - Kernel 3.8.13beaglebone login: rootLast login: Sat Jan  1 00:23:50 UTC 2000 on ttyO0root@beaglebone:~# shur tdown -r nowSending SIGTERM to remaining processes...Sending SIGKILL to remaining processes...Hardware watchdog 'OMAP Watchdog', version 0Unmounting file systems.Unmounting /media/BEAGLEBONE.Unmounting /sys/fs/fuse/connections.Unmounting /sys/kernel/debug.Unmounting /dev/mqueue.All filesystems unmounted.Deactivating swaps.All swaps deactivated.Detaching loop devices.Detaching loopback /dev/loop7.Detaching loopback /dev/loop6.Detaching loopback /dev/loop5.Detaching loopback /dev/loop4.Detaching loopback /dev/loop3.Detaching loopback /dev/loop2.Detaching loopback /dev/loop1.Detaching loopback /dev/loop0.All loop devices detached.Detaching DM devices.All DM devices detached.[  983.063782] (NULL device *): gadget not registered.[  983.085361] Restarting system.U-Boot SPL 2013.04-dirty (Jun 19 2013 - 09:57:14)musb-hdrc: ConfigData=0xde (UTMI-8, dyn FIFOs, HB-ISO Rx, HB-ISO Tx, SoftConn)musb-hdrc: MHDRC RTL version 2.0 musb-hdrc: setup fifo_mode 4musb-hdrc: 28/31 max ep, 16384/16384 memoryUSB Peripheral mode controller at 47401000 using PIO, IRQ 0musb-hdrc: ConfigData=0xde (UTMI-8, dyn FIFOs, HB-ISO Rx, HB-ISO Tx, SoftConn)musb-hdrc: MHDRC RTL version 2.0 musb-hdrc: setup fifo_mode 4musb-hdrc: 28/31 max ep, 16384/16384 memoryUSB Host mode controller at 47401800 using PIO, IRQ 0OMAP SD/MMC: 0mmc_send_cmd : timeout: No status updatereading u-boot.imgreading u-boot.imgU-Boot 2013.04-dirty (Jun 19 2013 - 09:57:14)I2C:   readyDRAM:  512 MiBWARNING: Caches not enabledNAND:  No NAND device found!!!0 MiBMMC:   OMAP SD/MMC: 0, OMAP SD/MMC: 1*** Warning - readenv() failed, using default environmentmusb-hdrc: ConfigData=0xde (UTMI-8, dyn FIFOs, HB-ISO Rx, HB-ISO Tx, SoftConn)musb-hdrc: MHDRC RTL version 2.0 musb-hdrc: setup fifo_mode 4musb-hdrc: 28/31 max ep, 16384/16384 memoryUSB Peripheral mode controller at 47401000 using PIO, IRQ 0musb-hdrc: ConfigData=0xde (UTMI-8, dyn FIFOs, HB-ISO Rx, HB-ISO Tx, SoftConn)musb-hdrc: MHDRC RTL version 2.0 musb-hdrc: setup fifo_mode 4musb-hdrc: 28/31 max ep, 16384/16384 memoryUSB Host mode controller at 47401800 using PIO, IRQ 0Net:   <ethaddr> not set. Validating first E-fuse MACcpsw, usb_etherHit any key to stop autoboot:  1  0 gpio: pin 53 (gpio 53) value is 1mmc_send_cmd : timeout: No status updateCard did not respond to voltage select!mmc0(part 0) is current devicemmc_send_cmd : timeout: No status updateCard did not respond to voltage select!No micro SD card found, setting mmcdev to 1mmc_send_cmd : timeout: No status updatemmc1(part 0) is current devicemmc_send_cmd : timeout: No status updategpio: pin 54 (gpio 54) value is 1SD/MMC found on device 1reading uEnv.txt26 bytes read in 3 ms (7.8 KiB/s)Loaded environment from uEnv.txtImporting environment from mmc ...gpio: pin 55 (gpio 55) value is 14270840 bytes read in 750 ms (5.4 MiB/s)gpio: pin 56 (gpio 56) value is 124129 bytes read in 55 ms (427.7 KiB/s)Booting from mmc ...## Booting kernel from Legacy Image at 80007fc0 ...   Image Name:   Angstrom/3.8.13/beaglebone   Image Type:   ARM Linux Kernel Image (uncompressed)   Data Size:    4270776 Bytes = 4.1 MiB   Load Address: 80008000   Entry Point:  80008000   Verifying Checksum ... OK## Flattened Device Tree blob at 80f80000   Booting using the fdt blob at 0x80f80000   XIP Kernel Image ... OKOK   Using Device Tree in place at 80f80000, end 80f88e40Starting kernel ...Uncompressing Linux... done, booting the kernel.[    0.193678] omap2_mbox_probe: platform not supported[    0.204253] tps65217-bl tps65217-bl: no platform data provided[    0.280837] bone-capemgr bone_capemgr.8: slot #0: No cape found[    0.317942] bone-capemgr bone_capemgr.8: slot #1: No cape found[    0.355051] bone-capemgr bone_capemgr.8: slot #2: No cape found[    0.392161] bone-capemgr bone_capemgr.8: slot #3: No cape found[    0.412192] bone-capemgr bone_capemgr.8: slot #6: BB-BONELT-HDMIN conflict P8.45 (#5:BB-BONELT-HDMI)[    0.421809] bone-capemgr bone_capemgr.8: slot #6: Failed verification[    0.428582] bone-capemgr bone_capemgr.8: loader: failed to load slot-6 BB-BONELT-HDMIN:00A0 (prio 2)[    0.451238] omap_hsmmc mmc.4: of_parse_phandle_with_args of 'reset' failed[    0.515692] pinctrl-single 44e10800.pinmux: pin 44e10854 already requested by 44e10800.pinmux; cannot claim for gpio-leds.7[    0.527430] pinctrl-single 44e10800.pinmux: pin-21 (gpio-leds.7) status -22[    0.534742] pinctrl-single 44e10800.pinmux: could not request pin 21 on device pinctrl-single[    6.207934] libphy: PHY 4a101000.mdio:01 not found[    6.212995] net eth0: phy 4a101000.mdio:01 not found on slave 1systemd-fsck[84]: Angstrom: clean, 54175/112672 files, 405228/449820 blocks[    9.162202] systemd-udevd[86]: worker [108] terminated by signal 11 (Segmentation fault)[    9.185840] systemd-udevd[86]: worker [108] failed while handling '/devices/ocp.2/47400000.usb/musb-hdrc.0.auto/gadget/net/usb0'.---O---.                                           |       |                  .-.           o o        |   |   |-----.-----.-----.| |   .----..-----.-----.|       |     | __  |  ---'| '--.|  .-'|     |     ||   |   |  |  |     |---  ||  --'|  |  |  '  | | | |'---'---'--'--'--.  |-----''----''--'  '-----'-'-'-'                -'  |                '---'The Angstrom Distribution beaglebone ttyO0Angstrom v2012.12 - Kernel 3.8.13beaglebone login: 